   7s  costruzione 2026-09-29-e (workspace)
   8s  [EIDETICA carta] velature: 8 etichette, 4 blocchi.
   8s  [EIDETICA carta] nati dopo: 25 fondi, 8 etichette
   8s  velo aperto
   8s  [EIDETICA carta] plastico scuro: terra ricolorata, 1 griglia/e spenta/e, argilla sullo schermo, ombre: sole o modello non ancora pronti
   8s  [EIDETICA carta] nati dopo: 23 fondi, 0 etichette
  11s  [EIDETICA carta] velature: 14 etichette, 0 blocchi.
  11s  [EIDETICA carta] nati dopo: 33 fondi, 14 etichette
  15s  [EIDETICA carta] plastico scuro: terra ricolorata, 1 griglia/e spenta/e, argilla sullo schermo, ombre sul modello intero (raggio 67 m, mappa 4096)
  15s  [EIDETICA carta] plastico scuro: terra ricolorata, 1 griglia/e spenta/e, argilla sullo schermo, ombre sul modello intero (raggio 67 m, mappa 4096)
  17s  [EIDETICA carta] nati dopo: 1 fondi, 0 etichette
  29s  [VERITAS] avvio simulazione montato nella barra di riproduzione
  29s  [EIDETICA carta] velature: 14 etichette, 0 blocchi.
  29s  [EIDETICA carta] nati dopo: 24 fondi, 14 etichette
  31s  [EIDETICA carta] nati dopo: 1 fondi, 0 etichette
  37s  MISURA 2_dopo_entra {"vestito":"carta","renderer":{"toneMapping":4,"esposizione":1.1,"colorSpace":"srgb","ombre":true,"tipoOmbre":2,"pixelRatio":1,"clearAlpha":0,"fondoTela":"rgb(14, 19, 27)","fondoPadre":"none"},"fondo":"[object Object]","foschia":{"colore":"#0b0f17","near":236.2797602619165,"far":708.8392807857496},"luci":[{"tipo":"AmbientLight","colore":"#ffffff","intensita":0.12,"pos":[0,0,0],"ombra":false,"mappa":null,"visibile":true},{"tipo":"DirectionalLight","colore":"#ffffff","intensita":1.7,"pos":[24.4,122,24.8],"ombra":true,"mappa":4096,"visibile":true},{"tipo":"DirectionalLight","colore":"#8ec8ff","intensita":0.35,"pos":[-20,20,-20],"ombra":false,"mappa":512,"visibile":true},{"tipo":"HemisphereLight","colore":"#b8c4d6","intensita":0.95,"pos":[0,1,0],"ombra":false,"mappa":null,"visibile":true}],"griglie":[{"nome":"","visibile":false,"colore":"#ffffff"}],"figliScena":["AmbientLight:","DirectionalL
  37s  Avvia premuto: true
  38s  [EIDETICA carta] nati dopo: 2 fondi, 0 etichette
  81s  [VERITAS] Traiettoria aggiornata: 800 frame, 18 punti.
  81s  [VERITAS] barra di riproduzione fatta ripartire col PLAY
  81s  [VERITAS] Traiettoria aggiornata: 800 frame, 18 punti.
  81s  [EIDETICA carta] nati dopo: 2 fondi, 0 etichette
  82s  inquadrato: true
  85s  TRACCE {"fotogrammi":800,"personeNellaTraiettoria":28,"puntiPerPersona":[765,799],"agentiTracciati":28}
  87s  [VERITAS] Traiettoria aggiornata: 800 frame, 18 punti.
  89s  [VERITAS] Traiettoria aggiornata: 800 frame, 18 punti.
  90s  [VERITAS] Traiettoria aggiornata: 800 frame, 18 punti.
 105s  ESITO {"tracce":{"fotogrammi":800,"personeNellaTraiettoria":28,"puntiPerPersona":[765,799],"agentiTracciati":28},"campioni":140,"inMoto":102,"entro20":49,"percentuale":48,"angoloMediano":29,"direzioniDiverse":125,"statoCoincide":"138/140","fuori20":[{"id":3,"k":0,"ang":179,"dir":[1,0,0]},{"id":4,"k":0,"ang":100,"dir":[0.18,0,1.22]},{"id":5,"k":0,"ang":39,"dir":[0.16,0,1.46]},{"id":22,"k":0,"ang":108,"dir":[0.03,0,-0.05]},{"id":23,"k":0,"ang":58,"dir":[-0.02,0,0.03]},{"id":24,"k":0,"ang":70,"dir":[0.03,0,0.5]},{"id":25,"k":0,"ang":47,"dir":[0.09,0,0.31]},{"id":26,"k":0,"ang":36,"dir":[0.2,0,1.43]},{"id":0,"k":1,"ang":29,"dir":[-0.44,0,-0.05]},{"id":1,"k":1,"ang":110,"dir":[-0.03,0,-0.11]},{"id":3,"k":1,"ang":38,"dir":[-0.49,0,0.03]},{"id":8,"k":1,"ang":57,"dir":[-0.04,0,0.07]}]}
