   7s  costruzione 2026-09-29-d (workspace)
   8s  [EIDETICA carta] velature: 8 etichette, 0 blocchi.
   8s  [EIDETICA carta] nati dopo: 34 fondi, 8 etichette
   8s  [EIDETICA carta] plastico scuro: terra ricolorata, 1 griglia/e spenta/e, argilla sullo schermo, ombre: sole o modello non ancora pronti
   8s  velo aperto
   8s  [EIDETICA carta] nati dopo: 24 fondi, 0 etichette
  12s  [EIDETICA carta] velature: 14 etichette, 0 blocchi.
  12s  [EIDETICA carta] nati dopo: 32 fondi, 14 etichette
  17s  [EIDETICA carta] plastico scuro: terra ricolorata, 1 griglia/e spenta/e, argilla sullo schermo, ombre sul modello intero (raggio 67 m, mappa 4096)
  17s  [EIDETICA carta] plastico scuro: terra ricolorata, 1 griglia/e spenta/e, argilla sullo schermo, ombre sul modello intero (raggio 67 m, mappa 4096)
  19s  [EIDETICA carta] nati dopo: 1 fondi, 0 etichette
  21s  [VERITAS] avvio simulazione montato nella barra di riproduzione
  31s  [EIDETICA carta] velature: 14 etichette, 0 blocchi.
  31s  [EIDETICA carta] nati dopo: 24 fondi, 14 etichette
  39s  MISURA 2_dopo_entra {"vestito":"carta","renderer":{"toneMapping":4,"esposizione":1.1,"colorSpace":"srgb","ombre":true,"tipoOmbre":2,"pixelRatio":1,"clearAlpha":0,"fondoTela":"rgb(14, 19, 27)","fondoPadre":"none"},"fondo":"[object Object]","foschia":{"colore":"#0b0f17","near":236.2797602619165,"far":708.8392807857496},"luci":[{"tipo":"AmbientLight","colore":"#ffffff","intensita":0.12,"pos":[0,0,0],"ombra":false,"mappa":null,"visibile":true},{"tipo":"DirectionalLight","colore":"#ffffff","intensita":1.7,"pos":[24.4,122,24.8],"ombra":true,"mappa":4096,"visibile":true},{"tipo":"DirectionalLight","colore":"#8ec8ff","intensita":0.35,"pos":[-20,20,-20],"ombra":false,"mappa":512,"visibile":true},{"tipo":"HemisphereLight","colore":"#b8c4d6","intensita":0.95,"pos":[0,1,0],"ombra":false,"mappa":null,"visibile":true}],"griglie":[{"nome":"","visibile":false,"colore":"#ffffff"}],"figliScena":["AmbientLight:","DirectionalL
  39s  Avvia premuto: true
  39s  [EIDETICA carta] nati dopo: 2 fondi, 0 etichette
  82s  [VERITAS] Traiettoria aggiornata: 800 frame, 18 punti.
  82s  [VERITAS] barra di riproduzione fatta ripartire col PLAY
  82s  [VERITAS] Traiettoria aggiornata: 800 frame, 18 punti.
  82s  [EIDETICA carta] nati dopo: 2 fondi, 0 etichette
  83s  inquadrato: true
  86s  TRACCE {"fotogrammi":800,"personeNellaTraiettoria":28,"puntiPerPersona":[765,799],"agentiTracciati":0}
  89s  [VERITAS] Traiettoria aggiornata: 800 frame, 18 punti.
  90s  [VERITAS] Traiettoria aggiornata: 800 frame, 18 punti.
  91s  [VERITAS] Traiettoria aggiornata: 800 frame, 18 punti.
 107s  ESITO {"tracce":{"fotogrammi":800,"personeNellaTraiettoria":28,"puntiPerPersona":[765,799],"agentiTracciati":0},"campioni":140,"inMoto":98,"entro20":0,"percentuale":0,"angoloMediano":162,"direzioniDiverse":1,"statoCoincide":"99/140","fuori20":[{"id":1,"k":0,"ang":176,"dir":[1,0,0]},{"id":2,"k":0,"ang":175,"dir":[1,0,0]},{"id":3,"k":0,"ang":179,"dir":[1,0,0]},{"id":4,"k":0,"ang":119,"dir":[1,0,0]},{"id":5,"k":0,"ang":123,"dir":[1,0,0]},{"id":20,"k":0,"ang":132,"dir":[1,0,0]},{"id":21,"k":0,"ang":180,"dir":[1,0,0]},{"id":22,"k":0,"ang":179,"dir":[1,0,0]},{"id":24,"k":0,"ang":118,"dir":[1,0,0]},{"id":25,"k":0,"ang":118,"dir":[1,0,0]},{"id":0,"k":1,"ang":104,"dir":[1,0,0]},{"id":1,"k":1,"ang":146,"dir":[1,0,0]}]}
