   8s  costruzione 2026-09-29-g (workspace)
   9s  [EIDETICA carta] nati dopo: 4 fondi, 0 etichette
   9s  velo aperto
   9s  [EIDETICA carta] plastico scuro: terra ricolorata, 1 griglia/e spenta/e, argilla sullo schermo, ombre: sole o modello non ancora pronti
   9s  [EIDETICA carta] velature: 8 etichette, 0 blocchi.
  10s  [EIDETICA carta] nati dopo: 25 fondi, 0 etichette
  11s  [EIDETICA carta] nati dopo: 3 fondi, 0 etichette
  18s  [EIDETICA carta] plastico scuro: terra ricolorata, 1 griglia/e spenta/e, argilla sullo schermo, ombre sul modello intero (raggio 67 m, mappa 4096)
  18s  [EIDETICA carta] velature: 14 etichette, 0 blocchi.
  18s  [EIDETICA carta] plastico scuro: terra ricolorata, 1 griglia/e spenta/e, argilla sullo schermo, ombre sul modello intero (raggio 67 m, mappa 4096)
  18s  [EIDETICA carta] nati dopo: 29 fondi, 0 etichette
  19s  [EIDETICA carta] nati dopo: 1 fondi, 0 etichette
  22s  [VERITAS] avvio simulazione montato nella barra di riproduzione
  32s  [EIDETICA carta] velature: 14 etichette, 0 blocchi.
  32s  [EIDETICA carta] nati dopo: 24 fondi, 14 etichette
  40s  MISURA 2_dopo_entra {"vestito":"carta","renderer":{"toneMapping":4,"esposizione":1.1,"colorSpace":"srgb","ombre":true,"tipoOmbre":2,"pixelRatio":1,"clearAlpha":0,"fondoTela":"rgb(14, 19, 27)","fondoPadre":"none"},"fondo":"[object Object]","foschia":{"colore":"#0b0f17","near":236.2797602619165,"far":708.8392807857496},"luci":[{"tipo":"AmbientLight","colore":"#ffffff","intensita":0.12,"pos":[0,0,0],"ombra":false,"mappa":null,"visibile":true},{"tipo":"DirectionalLight","colore":"#ffffff","intensita":1.7,"pos":[24.4,122,24.8],"ombra":true,"mappa":4096,"visibile":true},{"tipo":"DirectionalLight","colore":"#8ec8ff","intensita":0.35,"pos":[-20,20,-20],"ombra":false,"mappa":512,"visibile":true},{"tipo":"HemisphereLight","colore":"#b8c4d6","intensita":0.95,"pos":[0,1,0],"ombra":false,"mappa":null,"visibile":true}],"griglie":[{"nome":"","visibile":false,"colore":"#ffffff"}],"figliScena":["AmbientLight:","DirectionalL
  40s  Avvia premuto: true
  41s  [EIDETICA carta] nati dopo: 2 fondi, 0 etichette
  83s  [VERITAS] Traiettoria aggiornata: 800 frame, 18 punti.
  83s  [VERITAS] barra di riproduzione fatta ripartire col PLAY
  83s  [VERITAS] Traiettoria aggiornata: 800 frame, 18 punti.
  83s  [EIDETICA carta] nati dopo: 2 fondi, 0 etichette
  84s  inquadrato: true
  89s  [VERITAS] Traiettoria aggiornata: 800 frame, 18 punti.
  91s  [VERITAS] Traiettoria aggiornata: 800 frame, 18 punti.
  92s  [VERITAS] Traiettoria aggiornata: 800 frame, 18 punti.
  98s  FERMA dopo 5 rimpiazzi, l'ultimo 6 s fa
 111s  [VERITAS] Traiettoria aggiornata: 800 frame, 18 punti.
 116s  SGUARDO versione 5 -> 6, rimpiazzi totali 6, campioni 10
